// Jest Snapshot v1, https://goo.gl/fbAQLP

exports[`Schema class It should create a Schema instance 1`] = `
Schema {
  "constrainedBy": "https://bluebrain.github.io/nexus/schemas/shacl-20170720.ttl",
  "context": Array [
    Object {
      "ex": "http://example.com/",
      "this": "https://nexus.example.com/v1/schemas/myorg/myproj/e1729302-35b8-4d80-97b2-d63c984e2b5c/shapes",
    },
    "https://bluebrain.github.io/nexus/contexts/shacl-20170720.json",
    "https://bluebrain.github.io/nexus/contexts/resource.json",
  ],
  "createdAt": "2018-09-17T14:55:42.939Z",
  "createdBy": "https://nexus.example.com/v1/realms/myrealm/users/john",
  "deprecated": true,
  "id": "https://bluebrain.github.io/nexus/schemas/myschema2",
  "orgLabel": "myorg",
  "project": "https://nexus.example.com/v1/projects/myorg/myproj",
  "projectLabel": "myproject",
  "raw": Object {
    "@context": Array [
      Object {
        "ex": "http://example.com/",
        "this": "https://nexus.example.com/v1/schemas/myorg/myproj/e1729302-35b8-4d80-97b2-d63c984e2b5c/shapes",
      },
      "https://bluebrain.github.io/nexus/contexts/shacl-20170720.json",
      "https://bluebrain.github.io/nexus/contexts/resource.json",
    ],
    "@id": "https://bluebrain.github.io/nexus/schemas/myschema2",
    "@type": "Schema",
    "_constrainedBy": "https://bluebrain.github.io/nexus/schemas/shacl-20170720.ttl",
    "_createdAt": "2018-09-17T14:55:42.939Z",
    "_createdBy": "https://nexus.example.com/v1/realms/myrealm/users/john",
    "_deprecated": true,
    "_project": "https://nexus.example.com/v1/projects/myorg/myproj",
    "_rev": 4,
    "_self": "https://nexus.example.com/v1/schemas/myorg/myproj/base:e1729302-35b8-4d80-97b2-d63c984e2b5c",
    "_updatedAt": "2018-09-17T15:05:42.939Z",
    "_updatedBy": "https://nexus.example.com/v1/realms/myrealm/users/john",
    "shapes": Array [
      Object {
        "@id": "this:MyShape",
        "@type": "NodeShape",
        "nodeKind": "BlankNode:OrIRI",
        "property": Array [
          Object {
            "datatype": "xsd:string",
            "minCount": 1,
            "path": "ex:name",
          },
          Object {
            "datatype": "xsd:boolean",
            "minCount": 1,
            "path": "ex:bool",
          },
          Object {
            "datatype": "xsd:integer",
            "minCount": 1,
            "path": "ex:number",
          },
        ],
        "targetClass": "ex:Custom",
      },
    ],
  },
  "rev": 4,
  "self": "https://nexus.example.com/v1/schemas/myorg/myproj/base:e1729302-35b8-4d80-97b2-d63c984e2b5c",
  "shapes": Array [
    Object {
      "@id": "this:MyShape",
      "@type": "NodeShape",
      "nodeKind": "BlankNode:OrIRI",
      "property": Array [
        Object {
          "datatype": "xsd:string",
          "minCount": 1,
          "path": "ex:name",
        },
        Object {
          "datatype": "xsd:boolean",
          "minCount": 1,
          "path": "ex:bool",
        },
        Object {
          "datatype": "xsd:integer",
          "minCount": 1,
          "path": "ex:number",
        },
      ],
      "targetClass": "ex:Custom",
    },
  ],
  "type": "Schema",
  "updatedAt": "2018-09-17T15:05:42.939Z",
  "updatedBy": "https://nexus.example.com/v1/realms/myrealm/users/john",
}
`;
