// Jest Snapshot v1, https://goo.gl/fbAQLP

exports[`Views utils functions listViews() should return a Sparql and Elastic views 1`] = `
Array [
  ElasticSearchView {
    "deprecated": true,
    "id": "nxv:myview2",
    "orgLabel": "myorg",
    "projectLabel": "myproject",
    "queryURL": "/views/myorg/myproject/nxv%3Amyview2/_search",
    "rev": 4,
    "type": Array [
      "ElasticSearchView",
      "View",
      "Alpha",
    ],
    "uuid": "4f90ceff-45b7-442d-8536-d41705321d50",
  },
  SparqlView {
    "deprecated": true,
    "id": "nxv:myview",
    "orgLabel": "myorg",
    "projectLabel": "myproject",
    "queryURL": "/views/myorg/myproject/nxv%3Amyview/sparql",
    "rev": 4,
    "type": Array [
      "SparqlView",
      "View",
      "Alpha",
    ],
    "uuid": "4f90ceff-45b7-442d-8536-d41705321d50",
  },
]
`;
