// Jest Snapshot v1, https://goo.gl/fbAQLP

exports[`ACL utils ACL class should match snapshot 1`] = `
ACL {
  "acl": Array [
    Object {
      "identity": Object {
        "@id": "https://nexus.example.com/v1/realms/myrealm/groups/a-group",
        "@type": "Group",
        "group": "a-group",
        "realm": "myrealm",
      },
      "permissions": Array [
        "read",
      ],
    },
    Object {
      "identity": Object {
        "@id": "https://nexus.example.com/v1/realms/myrealm/groups/some-group",
        "@type": "Group",
        "group": "some-group",
        "realm": "myrealm",
      },
      "permissions": Array [
        "read",
        "write",
      ],
    },
    Object {
      "identity": Object {
        "@id": "https://nexus.example.com/v1/realms/myrealm/users/user",
        "@type": "User",
        "realm": "myrealm",
        "subject": "alice",
      },
      "permissions": Array [
        "acls/read",
        "acls/write",
      ],
    },
  ],
  "createdAt": "2018-09-18T09:58:00.801Z",
  "createdBy": "https://nexus.example.com/v1/realms/myrealm/users/john",
  "id": "https://nexus.example.com/v1/acls/org1",
  "path": "/org1",
  "rev": 1,
  "type": "User",
  "updatedAt": "https://nexus.example.com/v1/realms/myrealm/users/john",
  "updatedBy": "https://nexus.example.com/v1/realms/myrealm/users/john",
}
`;
