// Jest Snapshot v1, https://goo.gl/fbAQLP

exports[`ACL utils utils() listACL() should make a GET request and return a PaginatedList of ACL 1`] = `
Array [
  ACL {
    "acl": Array [
      Object {
        "identity": Object {
          "@id": "https://nexus.example.com/v1/realm/groups/two",
          "@type": "Group",
          "group": "two",
          "realm": "myrealm",
        },
        "permissions": Array [
          "read",
          "write",
        ],
      },
    ],
    "createdAt": "2018-09-17T14:55:42.939Z",
    "createdBy": "https://nexus.example.com/v1/realms/myrealm/users/john",
    "id": "https://nexus.example.com/v1/acls/myorg/myproj",
    "path": "/myorg/myproj",
    "rev": 1,
    "type": "Authenticated",
    "updatedAt": "https://nexus.example.com/v1/realms/myrealm/users/john",
    "updatedBy": "https://nexus.example.com/v1/realms/myrealm/users/john",
  },
  ACL {
    "acl": Array [
      Object {
        "identity": Object {
          "@id": "https://nexus.example.com/v1/realms/myrealm/users/me",
          "@type": "User",
          "realm": "myrealm",
          "subject": "me",
        },
        "permissions": Array [
          "read",
        ],
      },
    ],
    "createdAt": "2018-09-17T14:00:42.939Z",
    "createdBy": "https://nexus.example.com/v1/realms/myrealm/users/alice",
    "id": "https://nexus.example.com/v1/acls/myorg/myproj2",
    "path": "/myorg/myproj2",
    "rev": 2,
    "type": "Anonymous",
    "updatedAt": "https://nexus.example.com/v1/realms/myrealm/users/alice",
    "updatedBy": "https://nexus.example.com/v1/realms/myrealm/users/alice",
  },
  ACL {
    "acl": Array [
      Object {
        "identity": Object {
          "@id": "https://nexus.example.com/v1/realm/groups/two",
          "@type": "Group",
          "group": "two",
          "realm": "myrealm",
        },
        "permissions": Array [
          "read",
          "write",
        ],
      },
    ],
    "createdAt": "2018-09-17T14:55:42.939Z",
    "createdBy": "https://nexus.example.com/v1/realms/myrealm/users/john",
    "id": "https://nexus.example.com/v1/acls/myorg/myproj",
    "path": "/myorg/myproj",
    "rev": 1,
    "type": "Authenticated",
    "updatedAt": "https://nexus.example.com/v1/realms/myrealm/users/john",
    "updatedBy": "https://nexus.example.com/v1/realms/myrealm/users/john",
  },
  ACL {
    "acl": Array [
      Object {
        "identity": Object {
          "@id": "https://nexus.example.com/v1/realms/myrealm/users/me",
          "@type": "User",
          "realm": "myrealm",
          "subject": "me",
        },
        "permissions": Array [
          "read",
        ],
      },
    ],
    "createdAt": "2018-09-17T14:00:42.939Z",
    "createdBy": "https://nexus.example.com/v1/realms/myrealm/users/alice",
    "id": "https://nexus.example.com/v1/acls/myorg/myproj2",
    "path": "/myorg/myproj2",
    "rev": 2,
    "type": "Anonymous",
    "updatedAt": "https://nexus.example.com/v1/realms/myrealm/users/alice",
    "updatedBy": "https://nexus.example.com/v1/realms/myrealm/users/alice",
  },
]
`;
