// Jest Snapshot v1, https://goo.gl/fbAQLP

exports[`ResourceDetails renders correctly 1`] = `
<div
  className="resource-details testClass"
>
  <div
    className="metadata-container"
  >
    <h1
      className="name"
    />
    <h2>
      <em>
         E Model
      </em>
      <em>
         Entity
      </em>
    </h2>
    <p>
      uploaded 
       by 
      <b />
    </p>
    <div
      className="brain-region"
    >
      <a
        rel="noopener noreferrer"
        target="_blank"
      >
        primary somatosensory cortex
      </a>
    </div>
    <div
      className="layers-container"
    >
      <Tag
        closable={false}
        color="blue"
      >
        <a
          rel="noopener noreferrer"
          target="_blank"
        >
          cortical layer I
        </a>
      </Tag>
      <Tag
        closable={false}
        color="blue"
      >
        <a
          rel="noopener noreferrer"
          target="_blank"
        >
          cortical layer III
        </a>
      </Tag>
      <Tag
        closable={false}
        color="blue"
      >
        <a
          rel="noopener noreferrer"
          target="_blank"
        >
          cortical layer V
        </a>
      </Tag>
      <Tag
        closable={false}
        color="blue"
      >
        <a
          rel="noopener noreferrer"
          target="_blank"
        >
          cortical layer VI
        </a>
      </Tag>
      <Tag
        closable={false}
        color="blue"
      >
        <a
          rel="noopener noreferrer"
          target="_blank"
        >
          cortical layer II
        </a>
      </Tag>
      <Tag
        closable={false}
        color="blue"
      >
        <a
          rel="noopener noreferrer"
          target="_blank"
        >
          cortical layer IV
        </a>
      </Tag>
    </div>
    <p>
      <a
        rel="noopener noreferrer"
        target="_blank"
      >
        Rattus norvegicus
      </a>
    </p>
    <p>
      <a
        rel="noopener noreferrer"
        target="_blank"
      >
        Wistar Han
      </a>
    </p>
    <p
      className="descripion"
    >
      <NotFound
        label="description"
      />
    </p>
  </div>
  <div
    className="module-container"
  />
</div>
`;
