// Jest Snapshot v1, https://goo.gl/fbAQLP

exports[`AggregateSparqlView aggregateSparqlView should have all the properties created by the response 1`] = `
AggregateSparqlView {
  "deprecated": false,
  "id": "http://example.com/base/aggregated",
  "orgLabel": "myOrg",
  "projectLabel": "myProject",
  "queryURL": "/views/myOrg/myProject/http%3A%2F%2Fexample.com%2Fbase%2Faggregated/sparql",
  "rev": 1,
  "type": Array [
    "View",
    "AggregateSparqlView",
  ],
  "uuid": "c166385c-c2c3-4815-b82e-b4ba5bef6910",
  "views": Array [
    Object {
      "project": "my-org/my-project",
      "viewId": "http://example.com/base/custom",
    },
    Object {
      "project": "my-org/my-project-2",
      "viewId": "http://example.com/base/custom",
    },
  ],
}
`;
